Archive member included to satisfy reference by file (symbol)

c:/program files (x86)/atmel/studio/7.0/toolchain/avr8/avr8-gnu-toolchain/bin/../lib/gcc/avr/5.4.0/avr51\libgcc.a(_exit.o)
                              C:/Program Files (x86)/Atmel/Studio/7.0/Packs/atmel/ATmega_DFP/1.7.374/gcc/dev/atmega128a/avr51/crtatmega128a.o (exit)
c:/program files (x86)/atmel/studio/7.0/toolchain/avr8/avr8-gnu-toolchain/bin/../lib/gcc/avr/5.4.0/avr51\libgcc.a(_copy_data.o)
                              main.o (__do_copy_data)
c:/program files (x86)/atmel/studio/7.0/toolchain/avr8/avr8-gnu-toolchain/bin/../lib/gcc/avr/5.4.0/avr51\libgcc.a(_clear_bss.o)
                              main.o (__do_clear_bss)
c:/program files (x86)/atmel/studio/7.0/toolchain/avr8/avr8-gnu-toolchain/bin/../lib/gcc/avr/5.4.0/../../../../avr/lib/avr51\libc.a(strcmp.o)
                              spiDataProcess.o (strcmp)

Allocating common symbols
Common symbol       size              file

command             0x2               spiDataProcess.o

Discarded input sections

 .data          0x00000000        0x0 C:/Program Files (x86)/Atmel/Studio/7.0/Packs/atmel/ATmega_DFP/1.7.374/gcc/dev/atmega128a/avr51/crtatmega128a.o
 .bss           0x00000000        0x0 C:/Program Files (x86)/Atmel/Studio/7.0/Packs/atmel/ATmega_DFP/1.7.374/gcc/dev/atmega128a/avr51/crtatmega128a.o
 .text          0x00000000        0x0 eeprom.o
 .data          0x00000000        0x0 eeprom.o
 .bss           0x00000000        0x0 eeprom.o
 .text          0x00000000        0x0 fan_control.o
 .data          0x00000000        0x0 fan_control.o
 .bss           0x00000000        0x0 fan_control.o
 .text          0x00000000        0x0 i2c.o
 .data          0x00000000        0x0 i2c.o
 .bss           0x00000000        0x0 i2c.o
 .text.i2c_read_ack
                0x00000000       0x14 i2c.o
 .text          0x00000000        0x0 lights.o
 .data          0x00000000        0x0 lights.o
 .bss           0x00000000        0x0 lights.o
 .text          0x00000000        0x0 main.o
 .data          0x00000000        0x0 main.o
 .bss           0x00000000        0x0 main.o
 .text.write_All_States_ToEEPROM
                0x00000000       0x90 main.o
 .text          0x00000000        0x0 spiDataProcess.o
 .data          0x00000000        0x0 spiDataProcess.o
 .bss           0x00000000        0x0 spiDataProcess.o
 COMMON         0x00000000        0x2 spiDataProcess.o
 .text          0x00000000        0x0 uart.o
 .data          0x00000000        0x0 uart.o
 .bss           0x00000000        0x0 uart.o
 .text          0x00000000        0x0 uartDataProcess.o
 .data          0x00000000        0x0 uartDataProcess.o
 .bss           0x00000000        0x0 uartDataProcess.o
 .text          0x00000000        0x0 c:/program files (x86)/atmel/studio/7.0/toolchain/avr8/avr8-gnu-toolchain/bin/../lib/gcc/avr/5.4.0/avr51\libgcc.a(_exit.o)
 .data          0x00000000        0x0 c:/program files (x86)/atmel/studio/7.0/toolchain/avr8/avr8-gnu-toolchain/bin/../lib/gcc/avr/5.4.0/avr51\libgcc.a(_exit.o)
 .bss           0x00000000        0x0 c:/program files (x86)/atmel/studio/7.0/toolchain/avr8/avr8-gnu-toolchain/bin/../lib/gcc/avr/5.4.0/avr51\libgcc.a(_exit.o)
 .text.libgcc.mul
                0x00000000        0x0 c:/program files (x86)/atmel/studio/7.0/toolchain/avr8/avr8-gnu-toolchain/bin/../lib/gcc/avr/5.4.0/avr51\libgcc.a(_exit.o)
 .text.libgcc.div
                0x00000000        0x0 c:/program files (x86)/atmel/studio/7.0/toolchain/avr8/avr8-gnu-toolchain/bin/../lib/gcc/avr/5.4.0/avr51\libgcc.a(_exit.o)
 .text.libgcc   0x00000000        0x0 c:/program files (x86)/atmel/studio/7.0/toolchain/avr8/avr8-gnu-toolchain/bin/../lib/gcc/avr/5.4.0/avr51\libgcc.a(_exit.o)
 .text.libgcc.prologue
                0x00000000        0x0 c:/program files (x86)/atmel/studio/7.0/toolchain/avr8/avr8-gnu-toolchain/bin/../lib/gcc/avr/5.4.0/avr51\libgcc.a(_exit.o)
 .text.libgcc.builtins
                0x00000000        0x0 c:/program files (x86)/atmel/studio/7.0/toolchain/avr8/avr8-gnu-toolchain/bin/../lib/gcc/avr/5.4.0/avr51\libgcc.a(_exit.o)
 .text.libgcc.fmul
                0x00000000        0x0 c:/program files (x86)/atmel/studio/7.0/toolchain/avr8/avr8-gnu-toolchain/bin/../lib/gcc/avr/5.4.0/avr51\libgcc.a(_exit.o)
 .text.libgcc.fixed
                0x00000000        0x0 c:/program files (x86)/atmel/studio/7.0/toolchain/avr8/avr8-gnu-toolchain/bin/../lib/gcc/avr/5.4.0/avr51\libgcc.a(_exit.o)
 .text          0x00000000        0x0 c:/program files (x86)/atmel/studio/7.0/toolchain/avr8/avr8-gnu-toolchain/bin/../lib/gcc/avr/5.4.0/avr51\libgcc.a(_copy_data.o)
 .data          0x00000000        0x0 c:/program files (x86)/atmel/studio/7.0/toolchain/avr8/avr8-gnu-toolchain/bin/../lib/gcc/avr/5.4.0/avr51\libgcc.a(_copy_data.o)
 .bss           0x00000000        0x0 c:/program files (x86)/atmel/studio/7.0/toolchain/avr8/avr8-gnu-toolchain/bin/../lib/gcc/avr/5.4.0/avr51\libgcc.a(_copy_data.o)
 .text.libgcc.mul
                0x00000000        0x0 c:/program files (x86)/atmel/studio/7.0/toolchain/avr8/avr8-gnu-toolchain/bin/../lib/gcc/avr/5.4.0/avr51\libgcc.a(_copy_data.o)
 .text.libgcc.div
                0x00000000        0x0 c:/program files (x86)/atmel/studio/7.0/toolchain/avr8/avr8-gnu-toolchain/bin/../lib/gcc/avr/5.4.0/avr51\libgcc.a(_copy_data.o)
 .text.libgcc   0x00000000        0x0 c:/program files (x86)/atmel/studio/7.0/toolchain/avr8/avr8-gnu-toolchain/bin/../lib/gcc/avr/5.4.0/avr51\libgcc.a(_copy_data.o)
 .text.libgcc.prologue
                0x00000000        0x0 c:/program files (x86)/atmel/studio/7.0/toolchain/avr8/avr8-gnu-toolchain/bin/../lib/gcc/avr/5.4.0/avr51\libgcc.a(_copy_data.o)
 .text.libgcc.builtins
                0x00000000        0x0 c:/program files (x86)/atmel/studio/7.0/toolchain/avr8/avr8-gnu-toolchain/bin/../lib/gcc/avr/5.4.0/avr51\libgcc.a(_copy_data.o)
 .text.libgcc.fmul
                0x00000000        0x0 c:/program files (x86)/atmel/studio/7.0/toolchain/avr8/avr8-gnu-toolchain/bin/../lib/gcc/avr/5.4.0/avr51\libgcc.a(_copy_data.o)
 .text.libgcc.fixed
                0x00000000        0x0 c:/program files (x86)/atmel/studio/7.0/toolchain/avr8/avr8-gnu-toolchain/bin/../lib/gcc/avr/5.4.0/avr51\libgcc.a(_copy_data.o)
 .text          0x00000000        0x0 c:/program files (x86)/atmel/studio/7.0/toolchain/avr8/avr8-gnu-toolchain/bin/../lib/gcc/avr/5.4.0/avr51\libgcc.a(_clear_bss.o)
 .data          0x00000000        0x0 c:/program files (x86)/atmel/studio/7.0/toolchain/avr8/avr8-gnu-toolchain/bin/../lib/gcc/avr/5.4.0/avr51\libgcc.a(_clear_bss.o)
 .bss           0x00000000        0x0 c:/program files (x86)/atmel/studio/7.0/toolchain/avr8/avr8-gnu-toolchain/bin/../lib/gcc/avr/5.4.0/avr51\libgcc.a(_clear_bss.o)
 .text.libgcc.mul
                0x00000000        0x0 c:/program files (x86)/atmel/studio/7.0/toolchain/avr8/avr8-gnu-toolchain/bin/../lib/gcc/avr/5.4.0/avr51\libgcc.a(_clear_bss.o)
 .text.libgcc.div
                0x00000000        0x0 c:/program files (x86)/atmel/studio/7.0/toolchain/avr8/avr8-gnu-toolchain/bin/../lib/gcc/avr/5.4.0/avr51\libgcc.a(_clear_bss.o)
 .text.libgcc   0x00000000        0x0 c:/program files (x86)/atmel/studio/7.0/toolchain/avr8/avr8-gnu-toolchain/bin/../lib/gcc/avr/5.4.0/avr51\libgcc.a(_clear_bss.o)
 .text.libgcc.prologue
                0x00000000        0x0 c:/program files (x86)/atmel/studio/7.0/toolchain/avr8/avr8-gnu-toolchain/bin/../lib/gcc/avr/5.4.0/avr51\libgcc.a(_clear_bss.o)
 .text.libgcc.builtins
                0x00000000        0x0 c:/program files (x86)/atmel/studio/7.0/toolchain/avr8/avr8-gnu-toolchain/bin/../lib/gcc/avr/5.4.0/avr51\libgcc.a(_clear_bss.o)
 .text.libgcc.fmul
                0x00000000        0x0 c:/program files (x86)/atmel/studio/7.0/toolchain/avr8/avr8-gnu-toolchain/bin/../lib/gcc/avr/5.4.0/avr51\libgcc.a(_clear_bss.o)
 .text.libgcc.fixed
                0x00000000        0x0 c:/program files (x86)/atmel/studio/7.0/toolchain/avr8/avr8-gnu-toolchain/bin/../lib/gcc/avr/5.4.0/avr51\libgcc.a(_clear_bss.o)
 .text          0x00000000        0x0 c:/program files (x86)/atmel/studio/7.0/toolchain/avr8/avr8-gnu-toolchain/bin/../lib/gcc/avr/5.4.0/../../../../avr/lib/avr51\libc.a(strcmp.o)
 .data          0x00000000        0x0 c:/program files (x86)/atmel/studio/7.0/toolchain/avr8/avr8-gnu-toolchain/bin/../lib/gcc/avr/5.4.0/../../../../avr/lib/avr51\libc.a(strcmp.o)
 .bss           0x00000000        0x0 c:/program files (x86)/atmel/studio/7.0/toolchain/avr8/avr8-gnu-toolchain/bin/../lib/gcc/avr/5.4.0/../../../../avr/lib/avr51\libc.a(strcmp.o)

Memory Configuration

Name             Origin             Length             Attributes
text             0x00000000         0x00020000         xr
data             0x00800100         0x00001000         rw !x
eeprom           0x00810000         0x00001000         rw !x
fuse             0x00820000         0x00000003         rw !x
lock             0x00830000         0x00000400         rw !x
signature        0x00840000         0x00000400         rw !x
user_signatures  0x00850000         0x00000400         rw !x
*default*        0x00000000         0xffffffff

Linker script and memory map

Address of section .data set to 0x800100
LOAD C:/Program Files (x86)/Atmel/Studio/7.0/Packs/atmel/ATmega_DFP/1.7.374/gcc/dev/atmega128a/avr51/crtatmega128a.o
LOAD eeprom.o
LOAD fan_control.o
LOAD i2c.o
LOAD lights.o
LOAD main.o
LOAD spiDataProcess.o
LOAD uart.o
LOAD uartDataProcess.o
START GROUP
LOAD c:/program files (x86)/atmel/studio/7.0/toolchain/avr8/avr8-gnu-toolchain/bin/../lib/gcc/avr/5.4.0/../../../../avr/lib/avr51\libm.a
END GROUP
START GROUP
LOAD c:/program files (x86)/atmel/studio/7.0/toolchain/avr8/avr8-gnu-toolchain/bin/../lib/gcc/avr/5.4.0/avr51\libgcc.a
LOAD c:/program files (x86)/atmel/studio/7.0/toolchain/avr8/avr8-gnu-toolchain/bin/../lib/gcc/avr/5.4.0/../../../../avr/lib/avr51\libm.a
LOAD c:/program files (x86)/atmel/studio/7.0/toolchain/avr8/avr8-gnu-toolchain/bin/../lib/gcc/avr/5.4.0/../../../../avr/lib/avr51\libc.a
LOAD C:/Program Files (x86)/Atmel/Studio/7.0/Packs/atmel/ATmega_DFP/1.7.374/gcc/dev/atmega128a/avr51\libatmega128a.a
END GROUP
                [0x00000000]                __TEXT_REGION_ORIGIN__ = DEFINED (__TEXT_REGION_ORIGIN__)?__TEXT_REGION_ORIGIN__:0x0
                [0x00800100]                __DATA_REGION_ORIGIN__ = DEFINED (__DATA_REGION_ORIGIN__)?__DATA_REGION_ORIGIN__:0x800100
                [0x00020000]                __TEXT_REGION_LENGTH__ = DEFINED (__TEXT_REGION_LENGTH__)?__TEXT_REGION_LENGTH__:0x20000
                [0x00001000]                __DATA_REGION_LENGTH__ = DEFINED (__DATA_REGION_LENGTH__)?__DATA_REGION_LENGTH__:0xff00
                [0x00001000]                __EEPROM_REGION_LENGTH__ = DEFINED (__EEPROM_REGION_LENGTH__)?__EEPROM_REGION_LENGTH__:0x10000
                [0x00000003]                __FUSE_REGION_LENGTH__ = DEFINED (__FUSE_REGION_LENGTH__)?__FUSE_REGION_LENGTH__:0x400
                0x00000400                __LOCK_REGION_LENGTH__ = DEFINED (__LOCK_REGION_LENGTH__)?__LOCK_REGION_LENGTH__:0x400
                0x00000400                __SIGNATURE_REGION_LENGTH__ = DEFINED (__SIGNATURE_REGION_LENGTH__)?__SIGNATURE_REGION_LENGTH__:0x400
                0x00000400                __USER_SIGNATURE_REGION_LENGTH__ = DEFINED (__USER_SIGNATURE_REGION_LENGTH__)?__USER_SIGNATURE_REGION_LENGTH__:0x400

.hash
 *(.hash)

.dynsym
 *(.dynsym)

.dynstr
 *(.dynstr)

.gnu.version
 *(.gnu.version)

.gnu.version_d
 *(.gnu.version_d)

.gnu.version_r
 *(.gnu.version_r)

.rel.init
 *(.rel.init)

.rela.init
 *(.rela.init)

.rel.text
 *(.rel.text)
 *(.rel.text.*)
 *(.rel.gnu.linkonce.t*)

.rela.text
 *(.rela.text)
 *(.rela.text.*)
 *(.rela.gnu.linkonce.t*)

.rel.fini
 *(.rel.fini)

.rela.fini
 *(.rela.fini)

.rel.rodata
 *(.rel.rodata)
 *(.rel.rodata.*)
 *(.rel.gnu.linkonce.r*)

.rela.rodata
 *(.rela.rodata)
 *(.rela.rodata.*)
 *(.rela.gnu.linkonce.r*)

.rel.data
 *(.rel.data)
 *(.rel.data.*)
 *(.rel.gnu.linkonce.d*)

.rela.data
 *(.rela.data)
 *(.rela.data.*)
 *(.rela.gnu.linkonce.d*)

.rel.ctors
 *(.rel.ctors)

.rela.ctors
 *(.rela.ctors)

.rel.dtors
 *(.rel.dtors)

.rela.dtors
 *(.rela.dtors)

.rel.got
 *(.rel.got)

.rela.got
 *(.rela.got)

.rel.bss
 *(.rel.bss)

.rela.bss
 *(.rela.bss)

.rel.plt
 *(.rel.plt)

.rela.plt
 *(.rela.plt)

.text           0x00000000      0xdac
 *(.vectors)
 .vectors       0x00000000       0x8c C:/Program Files (x86)/Atmel/Studio/7.0/Packs/atmel/ATmega_DFP/1.7.374/gcc/dev/atmega128a/avr51/crtatmega128a.o
                0x00000000                __vector_default
                0x00000000                __vectors
 *(.vectors)
 *(.progmem.gcc*)
                0x0000008c                . = ALIGN (0x2)
                0x0000008c                __trampolines_start = .
 *(.trampolines)
 .trampolines   0x0000008c        0x0 linker stubs
 *(.trampolines*)
                0x0000008c                __trampolines_end = .
 *libprintf_flt.a:*(.progmem.data)
 *libc.a:*(.progmem.data)
 *(.progmem*)
                0x0000008c                . = ALIGN (0x2)
 *(.jumptables)
 *(.jumptables*)
 *(.lowtext)
 *(.lowtext*)
                0x0000008c                __ctors_start = .
 *(.ctors)
                0x0000008c                __ctors_end = .
                0x0000008c                __dtors_start = .
 *(.dtors)
                0x0000008c                __dtors_end = .
 SORT(*)(.ctors)
 SORT(*)(.dtors)
 *(.init0)
 .init0         0x0000008c        0x0 C:/Program Files (x86)/Atmel/Studio/7.0/Packs/atmel/ATmega_DFP/1.7.374/gcc/dev/atmega128a/avr51/crtatmega128a.o
                0x0000008c                __init
 *(.init0)
 *(.init1)
 *(.init1)
 *(.init2)
 .init2         0x0000008c        0xc C:/Program Files (x86)/Atmel/Studio/7.0/Packs/atmel/ATmega_DFP/1.7.374/gcc/dev/atmega128a/avr51/crtatmega128a.o
 *(.init2)
 *(.init3)
 *(.init3)
 *(.init4)
 .init4         0x00000098       0x1a c:/program files (x86)/atmel/studio/7.0/toolchain/avr8/avr8-gnu-toolchain/bin/../lib/gcc/avr/5.4.0/avr51\libgcc.a(_copy_data.o)
                0x00000098                __do_copy_data
 .init4         0x000000b2       0x10 c:/program files (x86)/atmel/studio/7.0/toolchain/avr8/avr8-gnu-toolchain/bin/../lib/gcc/avr/5.4.0/avr51\libgcc.a(_clear_bss.o)
                0x000000b2                __do_clear_bss
 *(.init4)
 *(.init5)
 *(.init5)
 *(.init6)
 *(.init6)
 *(.init7)
 *(.init7)
 *(.init8)
 *(.init8)
 *(.init9)
 .init9         0x000000c2        0x4 C:/Program Files (x86)/Atmel/Studio/7.0/Packs/atmel/ATmega_DFP/1.7.374/gcc/dev/atmega128a/avr51/crtatmega128a.o
 *(.init9)
 *(.text)
 .text          0x000000c6        0x2 C:/Program Files (x86)/Atmel/Studio/7.0/Packs/atmel/ATmega_DFP/1.7.374/gcc/dev/atmega128a/avr51/crtatmega128a.o
                0x000000c6                __vector_22
                0x000000c6                __vector_28
                0x000000c6                __vector_1
                0x000000c6                __vector_32
                0x000000c6                __vector_34
                0x000000c6                __vector_24
                0x000000c6                __bad_interrupt
                0x000000c6                __vector_6
                0x000000c6                __vector_31
                0x000000c6                __vector_3
                0x000000c6                __vector_23
                0x000000c6                __vector_30
                0x000000c6                __vector_25
                0x000000c6                __vector_11
                0x000000c6                __vector_13
                0x000000c6                __vector_19
                0x000000c6                __vector_7
                0x000000c6                __vector_27
                0x000000c6                __vector_5
                0x000000c6                __vector_33
                0x000000c6                __vector_4
                0x000000c6                __vector_9
                0x000000c6                __vector_2
                0x000000c6                __vector_21
                0x000000c6                __vector_15
                0x000000c6                __vector_29
                0x000000c6                __vector_8
                0x000000c6                __vector_26
                0x000000c6                __vector_14
                0x000000c6                __vector_10
                0x000000c6                __vector_16
                0x000000c6                __vector_20
                0x000000c8                . = ALIGN (0x2)
 *(.text.*)
 .text.eeprom_write
                0x000000c8       0x28 eeprom.o
                0x000000c8                eeprom_write
 .text.eeprom_read
                0x000000f0       0x2a eeprom.o
                0x000000f0                eeprom_read
 .text.as0      0x0000011a       0x62 fan_control.o
                0x0000011a                as0
 .text.as1      0x0000017c       0x62 fan_control.o
                0x0000017c                as1
 .text.as2      0x000001de       0x62 fan_control.o
                0x000001de                as2
 .text.as3      0x00000240       0x62 fan_control.o
                0x00000240                as3
 .text.as4      0x000002a2       0x62 fan_control.o
                0x000002a2                as4
 .text.as5      0x00000304       0x62 fan_control.o
                0x00000304                as5
 .text.i2c_init
                0x00000366        0xc i2c.o
                0x00000366                i2c_init
 .text.i2c_start
                0x00000372       0x10 i2c.o
                0x00000372                i2c_start
 .text.i2c_stop
                0x00000382       0x10 i2c.o
                0x00000382                i2c_stop
 .text.i2c_write
                0x00000392       0x14 i2c.o
                0x00000392                i2c_write
 .text.i2c_read_nack
                0x000003a6       0x14 i2c.o
                0x000003a6                i2c_read_nack
 .text.light1_ON
                0x000003ba       0x18 lights.o
                0x000003ba                light1_ON
 .text.light1_OFF
                0x000003d2       0x16 lights.o
                0x000003d2                light1_OFF
 .text.light2_ON
                0x000003e8       0x18 lights.o
                0x000003e8                light2_ON
 .text.light2_OFF
                0x00000400       0x16 lights.o
                0x00000400                light2_OFF
 .text.light3_ON
                0x00000416       0x18 lights.o
                0x00000416                light3_ON
 .text.light3_OFF
                0x0000042e       0x16 lights.o
                0x0000042e                light3_OFF
 .text.calculateCRC
                0x00000444       0x3c main.o
                0x00000444                calculateCRC
 .text.timer1_init
                0x00000480       0x1c main.o
                0x00000480                timer1_init
 .text.__vector_12
                0x0000049c       0x1e main.o
                0x0000049c                __vector_12
 .text.__vector_17
                0x000004ba       0xa4 main.o
                0x000004ba                __vector_17
 .text.__vector_18
                0x0000055e       0x50 main.o
                0x0000055e                __vector_18
 .text.custom_delay_ms
                0x000005ae       0x32 main.o
                0x000005ae                custom_delay_ms
 .text.SPI_init_slave
                0x000005e0       0x14 main.o
                0x000005e0                SPI_init_slave
 .text.setup    0x000005f4       0x26 main.o
                0x000005f4                setup
 .text.readLastStatesFromEEPROM
                0x0000061a       0x92 main.o
                0x0000061a                readLastStatesFromEEPROM
 .text.retainLightStates
                0x000006ac       0xf0 main.o
                0x000006ac                retainLightStates
 .text.retainFanState
                0x0000079c       0x3c main.o
                0x0000079c                retainFanState
 .text.main     0x000007d8        0xa main.o
                0x000007d8                main
 .text.handle_All_ON
                0x000007e2      0x108 main.o
                0x000007e2                handle_All_ON
 .text.handle_All_OFF
                0x000008ea        0xe main.o
                0x000008ea                handle_All_OFF
 .text.SPIprocessCommand
                0x000008f8      0x306 spiDataProcess.o
                0x000008f8                SPIprocessCommand
 .text.USART_Init
                0x00000bfe       0x12 uart.o
                0x00000bfe                USART_Init
 .text.USART_Transmit
                0x00000c10        0x8 uart.o
                0x00000c10                USART_Transmit
 .text.USART_Receive
                0x00000c18        0x8 uart.o
                0x00000c18                USART_Receive
 .text.UARTprocessCommand
                0x00000c20      0x176 uartDataProcess.o
                0x00000c20                UARTprocessCommand
 .text.avr-libc
                0x00000d96       0x12 c:/program files (x86)/atmel/studio/7.0/toolchain/avr8/avr8-gnu-toolchain/bin/../lib/gcc/avr/5.4.0/../../../../avr/lib/avr51\libc.a(strcmp.o)
                0x00000d96                strcmp
                0x00000da8                . = ALIGN (0x2)
 *(.fini9)
 .fini9         0x00000da8        0x0 c:/program files (x86)/atmel/studio/7.0/toolchain/avr8/avr8-gnu-toolchain/bin/../lib/gcc/avr/5.4.0/avr51\libgcc.a(_exit.o)
                0x00000da8                _exit
                0x00000da8                exit
 *(.fini9)
 *(.fini8)
 *(.fini8)
 *(.fini7)
 *(.fini7)
 *(.fini6)
 *(.fini6)
 *(.fini5)
 *(.fini5)
 *(.fini4)
 *(.fini4)
 *(.fini3)
 *(.fini3)
 *(.fini2)
 *(.fini2)
 *(.fini1)
 *(.fini1)
 *(.fini0)
 .fini0         0x00000da8        0x4 c:/program files (x86)/atmel/studio/7.0/toolchain/avr8/avr8-gnu-toolchain/bin/../lib/gcc/avr/5.4.0/avr51\libgcc.a(_exit.o)
 *(.fini0)
                0x00000dac                _etext = .

.data           0x00800100       0x36 load address 0x00000dac
                0x00800100                PROVIDE (__data_start, .)
 *(.data)
 *(.data*)
 .data.fan1_address
                0x00800100        0x2 main.o
                0x00800100                fan1_address
 .data.light3_address
                0x00800102        0x2 main.o
                0x00800102                light3_address
 .data.light2_address
                0x00800104        0x2 main.o
                0x00800104                light2_address
 *(.gnu.linkonce.d*)
 *(.rodata)
 .rodata        0x00800106       0x18 main.o
 *(.rodata*)
 .rodata.str1.1
                0x0080011e       0x18 spiDataProcess.o
 *(.gnu.linkonce.r*)
                0x00800136                . = ALIGN (0x2)
                0x00800136                _edata = .
                0x00800136                PROVIDE (__data_end, .)

.bss            0x00800136        0xe
                0x00800136                PROVIDE (__bss_start, .)
 *(.bss)
 *(.bss*)
 .bss.counter.2007
                0x00800136        0x2 main.o
 .bss.receivedCRC.1995
                0x00800138        0x1 main.o
 .bss.receivedBytes.1994
                0x00800139        0x2 main.o
 .bss.byteIndex.1996
                0x0080013b        0x1 main.o
 .bss.timer_flag
                0x0080013c        0x1 main.o
                0x0080013c                timer_flag
 .bss.fan1_speed
                0x0080013d        0x1 main.o
                0x0080013d                fan1_speed
 .bss.light1_address
                0x0080013e        0x2 main.o
                0x0080013e                light1_address
 .bss.laststate
                0x00800140        0x4 main.o
                0x00800140                laststate
 *(COMMON)
                0x00800144                PROVIDE (__bss_end, .)
                0x00000dac                __data_load_start = LOADADDR (.data)
                0x00000de2                __data_load_end = (__data_load_start + SIZEOF (.data))

.noinit         0x00800144        0x0
                [!provide]                PROVIDE (__noinit_start, .)
 *(.noinit*)
                [!provide]                PROVIDE (__noinit_end, .)
                0x00800144                _end = .
                [!provide]                PROVIDE (__heap_start, .)

.eeprom         0x00810000        0x0
 *(.eeprom*)
                0x00810000                __eeprom_end = .

.fuse
 *(.fuse)
 *(.lfuse)
 *(.hfuse)
 *(.efuse)

.lock
 *(.lock*)

.signature
 *(.signature*)

.user_signatures
 *(.user_signatures*)

.stab
 *(.stab)

.stabstr
 *(.stabstr)

.stab.excl
 *(.stab.excl)

.stab.exclstr
 *(.stab.exclstr)

.stab.index
 *(.stab.index)

.stab.indexstr
 *(.stab.indexstr)

.comment        0x00000000       0x30
 *(.comment)
 .comment       0x00000000       0x30 eeprom.o
                                 0x31 (size before relaxing)
 .comment       0x00000030       0x31 fan_control.o
 .comment       0x00000030       0x31 i2c.o
 .comment       0x00000030       0x31 lights.o
 .comment       0x00000030       0x31 main.o
 .comment       0x00000030       0x31 spiDataProcess.o
 .comment       0x00000030       0x31 uart.o
 .comment       0x00000030       0x31 uartDataProcess.o

.note.gnu.avr.deviceinfo
                0x00000000       0x40
 .note.gnu.avr.deviceinfo
                0x00000000       0x40 C:/Program Files (x86)/Atmel/Studio/7.0/Packs/atmel/ATmega_DFP/1.7.374/gcc/dev/atmega128a/avr51/crtatmega128a.o

.note.gnu.build-id
 *(.note.gnu.build-id)

.debug
 *(.debug)

.line
 *(.line)

.debug_srcinfo
 *(.debug_srcinfo)

.debug_sfnames
 *(.debug_sfnames)

.debug_aranges  0x00000000      0x200
 *(.debug_aranges)
 .debug_aranges
                0x00000000       0x28 eeprom.o
 .debug_aranges
                0x00000028       0x48 fan_control.o
 .debug_aranges
                0x00000070       0x48 i2c.o
 .debug_aranges
                0x000000b8       0x48 lights.o
 .debug_aranges
                0x00000100       0x90 main.o
 .debug_aranges
                0x00000190       0x20 spiDataProcess.o
 .debug_aranges
                0x000001b0       0x30 uart.o
 .debug_aranges
                0x000001e0       0x20 uartDataProcess.o

.debug_pubnames
 *(.debug_pubnames)

.debug_info     0x00000000     0x2205
 *(.debug_info .gnu.linkonce.wi.*)
 .debug_info    0x00000000      0x780 C:/Program Files (x86)/Atmel/Studio/7.0/Packs/atmel/ATmega_DFP/1.7.374/gcc/dev/atmega128a/avr51/crtatmega128a.o
 .debug_info    0x00000780      0x1f8 eeprom.o
 .debug_info    0x00000978      0x35c fan_control.o
 .debug_info    0x00000cd4      0x10d i2c.o
 .debug_info    0x00000de1      0x149 lights.o
 .debug_info    0x00000f2a      0x885 main.o
 .debug_info    0x000017af      0x643 spiDataProcess.o
 .debug_info    0x00001df2       0xd9 uart.o
 .debug_info    0x00001ecb      0x33a uartDataProcess.o

.debug_abbrev   0x00000000      0xe17
 *(.debug_abbrev)
 .debug_abbrev  0x00000000      0x718 C:/Program Files (x86)/Atmel/Studio/7.0/Packs/atmel/ATmega_DFP/1.7.374/gcc/dev/atmega128a/avr51/crtatmega128a.o
 .debug_abbrev  0x00000718       0xc3 eeprom.o
 .debug_abbrev  0x000007db       0x89 fan_control.o
 .debug_abbrev  0x00000864       0x94 i2c.o
 .debug_abbrev  0x000008f8       0x83 lights.o
 .debug_abbrev  0x0000097b      0x221 main.o
 .debug_abbrev  0x00000b9c      0x12b spiDataProcess.o
 .debug_abbrev  0x00000cc7       0x8b uart.o
 .debug_abbrev  0x00000d52       0xc5 uartDataProcess.o

.debug_line     0x00000000     0x1400
 *(.debug_line .debug_line.* .debug_line_end)
 .debug_line    0x00000000      0x16a C:/Program Files (x86)/Atmel/Studio/7.0/Packs/atmel/ATmega_DFP/1.7.374/gcc/dev/atmega128a/avr51/crtatmega128a.o
 .debug_line    0x0000016a      0x116 eeprom.o
 .debug_line    0x00000280      0x31b fan_control.o
 .debug_line    0x0000059b      0x176 i2c.o
 .debug_line    0x00000711      0x163 lights.o
 .debug_line    0x00000874      0x520 main.o
 .debug_line    0x00000d94      0x30a spiDataProcess.o
 .debug_line    0x0000109e       0xf9 uart.o
 .debug_line    0x00001197      0x269 uartDataProcess.o

.debug_frame    0x00000000      0x49c
 *(.debug_frame)
 .debug_frame   0x00000000       0x50 eeprom.o
 .debug_frame   0x00000050       0xbc fan_control.o
 .debug_frame   0x0000010c       0x74 i2c.o
 .debug_frame   0x00000180       0x74 lights.o
 .debug_frame   0x000001f4      0x204 main.o
 .debug_frame   0x000003f8       0x30 spiDataProcess.o
 .debug_frame   0x00000428       0x44 uart.o
 .debug_frame   0x0000046c       0x30 uartDataProcess.o

.debug_str      0x00000000      0x7bb
 *(.debug_str)
 .debug_str     0x00000000      0x27d C:/Program Files (x86)/Atmel/Studio/7.0/Packs/atmel/ATmega_DFP/1.7.374/gcc/dev/atmega128a/avr51/crtatmega128a.o
 .debug_str     0x0000027d      0x1ca eeprom.o
                                0x206 (size before relaxing)
 .debug_str     0x00000447       0x23 fan_control.o
                                0x1c1 (size before relaxing)
 .debug_str     0x0000046a       0x21 i2c.o
                                0x1ef (size before relaxing)
 .debug_str     0x0000048b       0x91 lights.o
                                0x22f (size before relaxing)
 .debug_str     0x0000051c      0x214 main.o
                                0x484 (size before relaxing)
 .debug_str     0x00000730       0x55 spiDataProcess.o
                                0x2b8 (size before relaxing)
 .debug_str     0x00000785       0x1f uart.o
                                0x1dc (size before relaxing)
 .debug_str     0x000007a4       0x17 uartDataProcess.o
                                0x2de (size before relaxing)

.debug_loc      0x00000000      0x93a
 *(.debug_loc)
 .debug_loc     0x00000000      0x10c eeprom.o
 .debug_loc     0x0000010c      0x11a fan_control.o
 .debug_loc     0x00000226       0x2d i2c.o
 .debug_loc     0x00000253      0x44c main.o
 .debug_loc     0x0000069f      0x11c spiDataProcess.o
 .debug_loc     0x000007bb       0x26 uart.o
 .debug_loc     0x000007e1      0x159 uartDataProcess.o

.debug_macinfo
 *(.debug_macinfo)

.debug_weaknames
 *(.debug_weaknames)

.debug_funcnames
 *(.debug_funcnames)

.debug_typenames
 *(.debug_typenames)

.debug_varnames
 *(.debug_varnames)

.debug_pubtypes
 *(.debug_pubtypes)

.debug_ranges   0x00000000      0x198
 *(.debug_ranges)
 .debug_ranges  0x00000000       0x18 eeprom.o
 .debug_ranges  0x00000018       0x38 fan_control.o
 .debug_ranges  0x00000050       0x38 i2c.o
 .debug_ranges  0x00000088       0x38 lights.o
 .debug_ranges  0x000000c0       0x98 main.o
 .debug_ranges  0x00000158       0x10 spiDataProcess.o
 .debug_ranges  0x00000168       0x20 uart.o
 .debug_ranges  0x00000188       0x10 uartDataProcess.o

.debug_macro
 *(.debug_macro)
OUTPUT(3L1F_CONTROL_128A.elf elf32-avr)
LOAD linker stubs
